// Jest Snapshot v1, https://goo.gl/fbAQLP

exports[`searchUser passes through the error responses, rejecting the promise 1`] = `
Object {
  "body": Object {
    "error": "'startswith' is not an allowed filter on the 'email' field.",
  },
  "statusCode": 400,
}
`;

exports[`searchUser rejects with an error message if AK_API_URL is not set 1`] = `"AK_API_URL is not set"`;

exports[`searchUser rejects with an error message if AK_PASSWORD is not set 1`] = `"ActionKit credentials are not set"`;

exports[`searchUser rejects with an error message if AK_USERNAME is not set 1`] = `"ActionKit credentials are not set"`;

exports[`searchUser returns an array of matches 1`] = `
Array [
  Object {
    "actions": "/rest/v1/action/?user=388175",
    "address1": "",
    "address2": "",
    "city": "Philadelphia",
    "country": "United States",
    "created_at": "2012-03-25T06:44:11",
    "email": "example@example.com",
    "events": "/rest/v1/event/?creator=388175",
    "eventsignups": "/rest/v1/eventsignup/?user=388175",
    "fields": Object {
      "en": "1",
    },
    "first_name": "Ashley",
    "id": 388175,
    "lang": "/rest/v1/language/100/",
    "last_name": "Mease",
    "location": "/rest/v1/location/388175/",
    "logintoken": "/rest/v1/user/388175/logintoken/",
    "middle_name": "",
    "orderrecurrings": "/rest/v1/orderrecurring/?user=388175",
    "orders": "/rest/v1/order/?user=388175",
    "phones": Array [],
    "plus4": "",
    "postal": "19145",
    "prefix": "",
    "rand_id": 692604506,
    "region": "",
    "resource_uri": "/rest/v1/user/388175/",
    "source": "starbucks 3/12",
    "state": "PA",
    "subscription_status": "bounced",
    "subscriptionhistory": "/rest/v1/subscriptionhistory/?user=388175",
    "subscriptions": "/rest/v1/subscription/?user=388175",
    "suffix": "",
    "token": ".388175.onPRSf",
    "updated_at": "2017-01-31T00:07:52",
    "usergeofields": "/rest/v1/usergeofield/?user=388175",
    "usermailings": "/rest/v1/usermailing/?user=388175",
    "useroriginal": "/rest/v1/useroriginal/388175/",
    "zip": "19145",
  },
]
`;

exports[`searchUser returns an empty array if there are no matches 1`] = `Array []`;
